[1/480] t1 T1 uyanik: 1662 ms, 103 tok, 59 C
[2/480] t1 T1 yorgun: 1021 ms, 57 tok, 68 C
[3/480] t1 T2 uyanik: 1092 ms, 60 tok, 68 C
[4/480] t1 T2 yorgun: 879 ms, 49 tok, 65 C
[5/480] t1 L1 uyanik: 1669 ms, 96 tok, 65 C
[6/480] t1 L1 yorgun: 2496 ms, 148 tok, 65 C
[7/480] t1 L2 uyanik: 1113 ms, 61 tok, 66 C
[8/480] t1 L2 yorgun: 558 ms, 29 tok, 66 C
[9/480] t1 O1 uyanik: 411 ms, 18 tok, 66 C
[10/480] t1 O1 yorgun: 915 ms, 54 tok, 65 C
[11/480] t1 O2 uyanik: 644 ms, 33 tok, 65 C
[12/480] t1 O2 yorgun: 552 ms, 31 tok, 67 C
[13/480] t1 M1 uyanik: 720 ms, 38 tok, 66 C
[14/480] t1 M1 yorgun: 774 ms, 45 tok, 67 C
[15/480] t1 M2 uyanik: 731 ms, 38 tok, 65 C
[16/480] t1 M2 yorgun: 1693 ms, 101 tok, 67 C
[17/480] t1 B1 uyanik: 2534 ms, 148 tok, 67 C
[18/480] t1 B1 yorgun: 3720 ms, 224 tok, 68 C
[19/480] t1 B2 uyanik: 3367 ms, 199 tok, 66 C
[20/480] t1 B2 yorgun: 2287 ms, 135 tok, 68 C
[21/480] t1 K1 uyanik: 160 ms, 3 tok, 69 C
[22/480] t1 K1 yorgun: 98 ms, 3 tok, 69 C
[23/480] t1 K2 uyanik: 140 ms, 2 tok, 69 C
[24/480] t1 K2 yorgun: 78 ms, 2 tok, 69 C
[25/480] t1 K3 uyanik: 495 ms, 24 tok, 67 C
[26/480] t1 K3 yorgun: 434 ms, 24 tok, 69 C
[27/480] t1 K4 uyanik: 2219 ms, 129 tok, 69 C
[28/480] t1 K4 yorgun: 1841 ms, 108 tok, 69 C
[29/480] t1 K5 uyanik: 758 ms, 40 tok, 69 C
[30/480] t1 K5 yorgun: 732 ms, 40 tok, 69 C
[31/480] t1 U1 uyanik: 7479 ms, 448 tok, 70 C
[32/480] t1 U1 yorgun: 3763 ms, 224 tok, 70 C
[33/480] t1 U2 uyanik: 7464 ms, 448 tok, 71 C
[34/480] t1 U2 yorgun: 3768 ms, 224 tok, 71 C
[35/480] t1 U3 uyanik: 7487 ms, 448 tok, 71 C
[36/480] t1 U3 yorgun: 3755 ms, 224 tok, 72 C
[37/480] t1 U4 uyanik: 7497 ms, 448 tok, 73 C
[38/480] t1 U4 yorgun: 3822 ms, 224 tok, 73 C
[39/480] t1 U5 uyanik: 7546 ms, 448 tok, 73 C
[40/480] t1 U5 yorgun: 3807 ms, 224 tok, 74 C
[41/480] t1 D1 uyanik: 6100 ms, 359 tok, 74 C
[42/480] t1 D1 yorgun: 3793 ms, 224 tok, 75 C
[43/480] t1 D2 uyanik: 6599 ms, 391 tok, 75 C
[44/480] t1 D2 yorgun: 3792 ms, 224 tok, 74 C
[45/480] t1 D3 uyanik: 4015 ms, 236 tok, 75 C
[46/480] t1 D3 yorgun: 2447 ms, 142 tok, 74 C
[47/480] t1 D4 uyanik: 7643 ms, 448 tok, 76 C
[48/480] t1 D4 yorgun: 3871 ms, 224 tok, 76 C
[49/480] t1 D5 uyanik: 746 ms, 36 tok, 76 C
[50/480] t1 D5 yorgun: 1423 ms, 78 tok, 76 C
[51/480] t1 L3 uyanik: 2351 ms, 132 tok, 76 C
[52/480] t1 L3 yorgun: 2027 ms, 112 tok, 76 C
[53/480] t1 L4 uyanik: 6924 ms, 389 tok, 76 C
[54/480] t1 L4 yorgun: 4109 ms, 224 tok, 77 C
[55/480] t1 L5 uyanik: 626 ms, 23 tok, 77 C
[56/480] t1 L5 yorgun: 628 ms, 32 tok, 77 C
[57/480] t1 L6 uyanik: 8296 ms, 448 tok, 75 C
[58/480] t1 L6 yorgun: 4115 ms, 224 tok, 77 C
[59/480] t1 L7 uyanik: 1687 ms, 91 tok, 77 C
[60/480] t1 L7 yorgun: 1453 ms, 80 tok, 77 C
[61/480] t2 T1 uyanik: 1377 ms, 58 tok, 77 C
[62/480] t2 T1 yorgun: 1143 ms, 56 tok, 76 C
[63/480] t2 T2 uyanik: 1428 ms, 68 tok, 77 C
[64/480] t2 T2 yorgun: 1054 ms, 58 tok, 77 C
[65/480] t2 L1 uyanik: 1237 ms, 62 tok, 77 C
[66/480] t2 L1 yorgun: 1429 ms, 77 tok, 77 C
[67/480] t2 L2 uyanik: 804 ms, 34 tok, 77 C
[68/480] t2 L2 yorgun: 489 ms, 27 tok, 77 C
[69/480] t2 O1 uyanik: 977 ms, 43 tok, 77 C
[70/480] t2 O1 yorgun: 810 ms, 46 tok, 77 C
[71/480] t2 O2 uyanik: 845 ms, 32 tok, 77 C
[72/480] t2 O2 yorgun: 635 ms, 35 tok, 77 C
[73/480] t2 M1 uyanik: 949 ms, 47 tok, 77 C
[74/480] t2 M1 yorgun: 1121 ms, 64 tok, 77 C
[75/480] t2 M2 uyanik: 1433 ms, 74 tok, 77 C
[76/480] t2 M2 yorgun: 991 ms, 54 tok, 76 C
[77/480] t2 B1 uyanik: 3254 ms, 187 tok, 77 C
[78/480] t2 B1 yorgun: 2965 ms, 167 tok, 77 C
[79/480] t2 B2 uyanik: 6329 ms, 372 tok, 77 C
[80/480] t2 B2 yorgun: 3897 ms, 224 tok, 77 C
[81/480] t2 K1 uyanik: 207 ms, 4 tok, 77 C
[82/480] t2 K1 yorgun: 115 ms, 4 tok, 77 C
[83/480] t2 K2 uyanik: 184 ms, 2 tok, 79 C
[84/480] t2 K2 yorgun: 76 ms, 2 tok, 79 C
[85/480] t2 K3 uyanik: 403 ms, 17 tok, 79 C
[86/480] t2 K3 yorgun: 345 ms, 17 tok, 76 C
[87/480] t2 K4 uyanik: 1467 ms, 78 tok, 75 C
[88/480] t2 K4 yorgun: 2008 ms, 113 tok, 77 C
[89/480] t2 K5 uyanik: 765 ms, 36 tok, 77 C
[90/480] t2 K5 yorgun: 826 ms, 41 tok, 77 C
[91/480] t2 U1 uyanik: 7693 ms, 448 tok, 78 C
[92/480] t2 U1 yorgun: 3835 ms, 224 tok, 77 C
[93/480] t2 U2 uyanik: 7646 ms, 448 tok, 77 C
[94/480] t2 U2 yorgun: 3871 ms, 224 tok, 77 C
[95/480] t2 U3 uyanik: 7634 ms, 448 tok, 78 C
[96/480] t2 U3 yorgun: 3864 ms, 224 tok, 77 C
[97/480] t2 U4 uyanik: 7698 ms, 448 tok, 77 C
[98/480] t2 U4 yorgun: 3901 ms, 224 tok, 77 C
[99/480] t2 U5 uyanik: 7800 ms, 448 tok, 78 C
[100/480] t2 U5 yorgun: 4005 ms, 224 tok, 77 C
[101/480] t2 D1 uyanik: 7806 ms, 448 tok, 78 C
[102/480] t2 D1 yorgun: 3980 ms, 224 tok, 78 C
[103/480] t2 D2 uyanik: 7761 ms, 448 tok, 78 C
[104/480] t2 D2 yorgun: 3878 ms, 224 tok, 78 C
[105/480] t2 D3 uyanik: 3820 ms, 218 tok, 78 C
[106/480] t2 D3 yorgun: 2859 ms, 164 tok, 78 C
[107/480] t2 D4 uyanik: 7677 ms, 448 tok, 78 C
[108/480] t2 D4 yorgun: 3831 ms, 224 tok, 78 C
[109/480] t2 D5 uyanik: 1477 ms, 81 tok, 78 C
[110/480] t2 D5 yorgun: 946 ms, 51 tok, 78 C
[111/480] t2 L3 uyanik: 569 ms, 27 tok, 78 C
[112/480] t2 L3 yorgun: 448 ms, 24 tok, 77 C
[113/480] t2 L4 uyanik: 7714 ms, 448 tok, 78 C
[114/480] t2 L4 yorgun: 3916 ms, 224 tok, 78 C
[115/480] t2 L5 uyanik: 426 ms, 17 tok, 78 C
[116/480] t2 L5 yorgun: 704 ms, 38 tok, 76 C
[117/480] t2 L6 uyanik: 7697 ms, 448 tok, 78 C
[118/480] t2 L6 yorgun: 3871 ms, 224 tok, 78 C
[119/480] t2 L7 uyanik: 1116 ms, 59 tok, 78 C
[120/480] t2 L7 yorgun: 1695 ms, 94 tok, 78 C
[121/480] t3 T1 uyanik: 1553 ms, 85 tok, 78 C
[122/480] t3 T1 yorgun: 1458 ms, 80 tok, 78 C
[123/480] t3 T2 uyanik: 1015 ms, 53 tok, 78 C
[124/480] t3 T2 yorgun: 778 ms, 40 tok, 79 C
[125/480] t3 L1 uyanik: 7706 ms, 448 tok, 79 C
[126/480] t3 L1 yorgun: 885 ms, 43 tok, 79 C
[127/480] t3 L2 uyanik: 604 ms, 24 tok, 78 C
[128/480] t3 L2 yorgun: 521 ms, 28 tok, 79 C
[129/480] t3 O1 uyanik: 897 ms, 47 tok, 78 C
[130/480] t3 O1 yorgun: 823 ms, 47 tok, 79 C
[131/480] t3 O2 uyanik: 657 ms, 32 tok, 79 C
[132/480] t3 O2 yorgun: 678 ms, 38 tok, 79 C
[133/480] t3 M1 uyanik: 917 ms, 45 tok, 79 C
[134/480] t3 M1 yorgun: 1514 ms, 84 tok, 79 C
[135/480] t3 M2 uyanik: 958 ms, 51 tok, 78 C
[136/480] t3 M2 yorgun: 677 ms, 38 tok, 78 C
[137/480] t3 B1 uyanik: 3731 ms, 215 tok, 79 C
[138/480] t3 B1 yorgun: 3923 ms, 224 tok, 79 C
[139/480] t3 B2 uyanik: 3786 ms, 215 tok, 78 C
[140/480] t3 B2 yorgun: 2608 ms, 145 tok, 79 C
[141/480] t3 K1 uyanik: 188 ms, 4 tok, 79 C
[142/480] t3 K1 yorgun: 112 ms, 4 tok, 79 C
[143/480] t3 K2 uyanik: 160 ms, 2 tok, 80 C
[durakla] GPU 80 C, 70 C bekleniyor
[devam] GPU 70 C
[144/480] t3 K2 yorgun: 539 ms, 2 tok, 70 C
[145/480] t3 K3 uyanik: 399 ms, 17 tok, 70 C
[146/480] t3 K3 yorgun: 318 ms, 17 tok, 70 C
[147/480] t3 K4 uyanik: 1343 ms, 73 tok, 73 C
[148/480] t3 K4 yorgun: 1833 ms, 106 tok, 74 C
[149/480] t3 K5 uyanik: 757 ms, 38 tok, 75 C
[150/480] t3 K5 yorgun: 750 ms, 39 tok, 75 C
[151/480] t3 U1 uyanik: 7631 ms, 448 tok, 75 C
[152/480] t3 U1 yorgun: 3828 ms, 224 tok, 76 C
[153/480] t3 U2 uyanik: 7658 ms, 448 tok, 77 C
[154/480] t3 U2 yorgun: 3904 ms, 224 tok, 77 C
[155/480] t3 U3 uyanik: 7748 ms, 448 tok, 77 C
[156/480] t3 U3 yorgun: 3933 ms, 224 tok, 78 C
[157/480] t3 U4 uyanik: 7894 ms, 448 tok, 78 C
[158/480] t3 U4 yorgun: 4156 ms, 224 tok, 78 C
[159/480] t3 U5 uyanik: 8202 ms, 448 tok, 76 C
[160/480] t3 U5 yorgun: 4212 ms, 224 tok, 79 C
[161/480] t3 D1 uyanik: 6933 ms, 369 tok, 79 C
[162/480] t3 D1 yorgun: 4199 ms, 224 tok, 79 C
[163/480] t3 D2 uyanik: 7825 ms, 446 tok, 79 C
[164/480] t3 D2 yorgun: 3950 ms, 224 tok, 79 C
[165/480] t3 D3 uyanik: 5905 ms, 338 tok, 79 C
[166/480] t3 D3 yorgun: 3382 ms, 192 tok, 79 C
[167/480] t3 D4 uyanik: 7723 ms, 448 tok, 79 C
[168/480] t3 D4 yorgun: 3914 ms, 224 tok, 79 C
[169/480] t3 D5 uyanik: 1220 ms, 57 tok, 79 C
[170/480] t3 D5 yorgun: 1534 ms, 86 tok, 79 C
[171/480] t3 L3 uyanik: 1061 ms, 56 tok, 79 C
[172/480] t3 L3 yorgun: 1540 ms, 86 tok, 79 C
[173/480] t3 L4 uyanik: 7721 ms, 448 tok, 79 C
[174/480] t3 L4 yorgun: 3948 ms, 224 tok, 79 C
[175/480] t3 L5 uyanik: 611 ms, 25 tok, 79 C
